=== eq (all equal) ===
eq 1, 1: true
eq 1, 2: false
eq 1, 1, 1: true
eq 1, 1, 2: false
eq 1, 1, 1, 1, 1: true
eq (1, 2, 3), (1, 2, 3) (deep): true
eq (1, 2, 3), (1, 2, 4) (deep): false
eq nested lists: true
eq (5, 5, 5, 5) (single list): true
eq (5, 5, 6): false

=== neq (at least one different) ===
neq 1, 1: false
neq 1, 2: true
neq 1, 1, 2: true
neq 1, 2, 3: true
neq (5, 5, 5, 5): false
neq (5, 5, 6): true
neq (1, 2, 3), (1, 2, 3): false
neq (1, 2, 3), (1, 2, 4): true

=== lt (strictly ascending) ===
lt 1, 2: true
lt 2, 1: false
lt 1, 2, 3: true
lt 1, 2, 2: false
lt 1, 3, 2: false
lt (1, 2, 3, 4, 5): true
lt (5, 4, 3, 2, 1): false
lt (2, 2, 2): false
lt a, b, c: true
lt c, b, a: false

=== gt (strictly descending) ===
gt 2, 1: true
gt 1, 2: false
gt 3, 2, 1: true
gt 3, 2, 2: false
gt (5, 4, 3, 2, 1): true
gt (1, 2, 3, 4, 5): false
gt (2, 2, 2): false

=== lte (ascending or equal) ===
lte 1, 2: true
lte 1, 1: true
lte 2, 1: false
lte 1, 1, 2, 2, 3: true
lte 1, 2, 1: false
lte (2, 2, 2): true

=== gte (descending or equal) ===
gte 2, 1: true
gte 2, 2: true
gte 1, 2: false
gte 3, 2, 2, 1: true
gte 3, 2, 3: false
gte (2, 2, 2): true

=== ALL TESTS COMPLETE ===
