=== STRING MANIPULATION TESTS ===

Testing concat...
concat result: hello world
Expected: hello world
Multi-concat: abcde
Expected: abcde

Testing split...
Split result length: 4
Expected: 4
First item: a
Expected: a
Last item: d
Expected: d

Testing join...
Join result: a-b-c-d
Expected: a-b-c-d

Round-trip test: one|two|three
Expected: one|two|three

Testing upper...
Uppercase: HELLO WORLD
Expected: HELLO WORLD

Testing lower...
Lowercase: hello world
Expected: hello world

Testing trim...
Trimmed: [hello world]
Expected: [hello world]

Testing trim_start...
Start trimmed correctly - starts with hello
Expected: Start trimmed correctly - starts with hello

Testing trim_end...
End trimmed: [  hello world]
Expected: [  hello world]

Testing contains...
Contains 'world': true
Expected: true
Contains 'xyz': false
Expected: false

Testing index...
Index of 'world': 6
Expected: 6
Index of 'xyz': -1
Expected: -1

Testing replace...
Replaced: hello gopher gopher
Expected: hello gopher gopher
No match replace: hello
Expected: hello

Testing starts_with...
Starts with 'hello': true
Expected: true
Starts with 'world': false
Expected: false

Testing ends_with...
Ends with 'world': true
Expected: true
Ends with 'hello': false
Expected: false

Testing repeat...
Repeated: ababab
Expected: ababab
Single repeat: x
Expected: x
Zero repeat length: 0
Expected: 0

Testing concat with slice...
Combined: hello + world
Expected: hello + world

Testing str operations with len...
Length of 'hello': 5
Expected: 5
Length of empty string: 0
Expected: 0

Practical example: CSV parsing...
Name: John Doe
Age: 30
Job: Engineer
Expected: Name: John Doe, Age: 30, Job: Engineer

Practical example: Text formatting...
Trimmed: [HELLO WORLD]
Expected: [HELLO WORLD]
Lowercased: [hello world]
Expected: [hello world]
Back to upper: [HELLO WORLD]
Expected: [HELLO WORLD]

Practical example: Path manipulation...
Filename: file.txt
Expected: file.txt
Is a text file: true
Expected: true

=== ALL STRING TESTS COMPLETE ===
