=== Type System Tests ===

Test 1: get_inferred_type
Type of 42: int
Type of 3.14: float
Type of true: bool
Type of false: bool
Type of "hello": string
Type of myvar (symbol): symbol
Type of (block): block

Test 2: get_type with variables
Type of num variable: int
Type of str variable: string
Type of bool_val variable: bool
Type of sym variable (symbol): symbol
Type of blk variable (block): block
Type of macro variable (macro): macro
Type of cmd variable (command): command

Test 3: Undefined variable
Type of undefined_var: undefined
(Should print 'undefined' above)

Test 4: Symbol vs String distinction
Symbol: symbol (should be 'symbol')
String: symbol (should be 'string')

Test 5: Symbols work in normal commands
x (symbol) = foo
y (string) = foo
x type: symbol
y type: string

Test 6: nil handling
Type of nil: nil
Type of null_var: nil

=== All Tests Complete ===
