=== List Serialization Tests ===

Test 1: Simple mixed types
Serialized: 1, 2.5, hello, true, nil
Argc: 5
Restored: 1, 2.5, hello, true, nil

Test 2: Quoted strings
Serialized: "Hello World", "foo bar", "test"
Argc: 3
Restored: "Hello World", "foo bar", "test"

Test 3: Strings with escaping
Serialized: "Hello \"quoted\"", "back\\slash"
Argc: 2
Restored: "Hello \"quoted\"", "back\\slash"

Test 4: Nested lists
Serialized: ~inner1, ~inner2, standalone
Argc: 3
Item 1 argc: 3
Restored: ~inner1, ~inner2, standalone

Test 5: Deeply nested
Serialized: (a, (b, c)), (d, e)
Argc: 2
Restored: (a, (b, c)), (d, e)

Test 6: Empty list
Serialized: ''
Argc: 0
Restored: 

Test 7: Single item
Serialized: onlyone
Argc: 1
Restored: onlyone

Test 8: Complex mixed
Serialized: "Hello, World!", (nested, "with quotes"), 42, true, (a, b, c)
Argc: 5
Restored: "Hello, World!", (nested, "with quotes"), 42, true, (a, b, c)

=== Serialization Tests Complete ===
