=== Test 1: Direct scoped call (LibraryRestricted) ===
math::sin(0) = 0

=== Test 2: Scoped call in brace expression ===
result = 0

=== Test 3: Multiple scoped calls ===
sin(0) = 0
cos(0) = 1

=== Test 4: Scoped call with named argument ===
log(8, base: 2) = 3

=== Test 5: LibraryInherited lookup (::module::item) ===
Hello from ::io::echo

=== Test 6: Scoped core commands ===
::core::ret 42 = 42

=== Test 7: Scoped io commands ===
Direct ::io::echo call

=== Test 8: Scoped strlist command ===
split result: ("a", "b", "c")
