=== TRIM COMMANDS ===

-- trim (strings) --
hello
hello
ello

-- trim (lists) --
(1, 2, 3)
(1, 2, 3)
(1, 2, 3)
(1, 2, 3)
(a, b, c)

-- trim_start (strings) --
hello
hello

-- trim_start (lists) --
(1, 2, 3)
(1, 2, 3)

-- trim_end (strings) --
hello
hello

-- trim_end (lists) --
(1, 2, 3)
(1, 2, 3)

=== CONTAINS COMMAND ===

-- contains (strings) --
true
false

-- contains (lists) --
true
false
true

=== INDEX COMMAND ===

-- index (strings) --
6
-1
4

-- index (lists) --
1
-1
1

=== STARTS_WITH COMMAND ===

-- starts_with (strings) --
true
false

-- starts_with (lists) --
true
false
true
false
true

=== ENDS_WITH COMMAND ===

-- ends_with (strings) --
true
false

-- ends_with (lists) --
true
false
true
false
true

=== SPLIT COMMAND ===

-- split (strings) --
("a", "b", "c")
("h", "e", "l", "l", "o")

-- split (lists) --
(<list 47>, <list 48>, <list 49>)
(a)
(b)
(c)
(<list 53>, <list 54>, <list 55>)
(1)
(4)
(5)

=== JOIN COMMAND ===

-- join (string delimiter) --
a,b,c
a - b - c

-- join (list delimiter) --
(1, X, Y, 2, X, Y, 3)
only


=== REPLACE COMMAND ===

-- replace (strings) --
hello there there
a_b-c-d
a_b_c-d
a-b-c_d
a-b_c_d

-- replace (lists, single-value mode) --
(a, Y, b, Y, c)
(a, Y, b, X, c)
(a, X, b, Y, c)
(a, (1, 2), b, (1, 2), c)

-- replace (lists, sequence mode) --
(1, X, 4, X, 5)
(1, X, Y, Z, 4, X, Y, Z, 5)
(1, X, 4, 2, 3, 5)
(1, 2, 3, 4, X, 5)
(1, W, 4, W, 5)

-- replace (edge cases) --
hello
hello
(a, X, b, X, c)

=== APPEND/PREPEND ===

-- append --
hello world
(1, 2, 3, 4)

-- prepend --
hello world
(1, 2, 3, 4)

=== ALL TESTS COMPLETE ===
