=== UNIFIED CONCAT TESTS ===

Test 1: String concatenation
Result: hello world
Expected: hello world

Test 2: Multi-string concatenation
Result: abcde
Expected: abcde

Test 3: Two lists
Result length: 6
Expected: 6
First item: a
Expected: a
Last item: f
Expected: f

Test 4: List + individual items
Result length: 6
Expected: 6
Items 4-6: d, e, f
Expected: d, e, f

Test 5: List + list + items
Result length: 6
Expected: 6
All items: a,b,c,d,e,f
Expected: a,b,c,d,e,f

Test 6: String concatenation with numbers
Result: Count: 42 items
Expected: Count: 42 items

Test 7: List with mixed type items
Result length: 4
Expected: 4
Item 3: true
Expected: true

Test 8: Empty list + items
Result length: 3
Expected: 3

Test 9: Building a path
Path: /home/user/documents
Expected: /home/user/documents

Test 10: Accumulating items
Final length: 3
Expected: 3
All: item1, item2, item3
Expected: item1, item2, item3

=== ALL CONCAT TESTS COMPLETE ===
