=== Test 1: Create and write to file ===
File opened for writing
File written and closed

=== Test 2: Read file line by line ===
Line 1: Hello, World!
Line 2: Second line

=== Test 3: Read entire file with eof: true ===
Full content:
Hello, World!
Second line


=== Test 4: File seek and tell ===
Initial position: 0
After reading line 1, position: 14
After seek to 0, position: 0
Re-read line 1: Hello, World!

=== Test 5: File exists ===
test1.txt exists: true
nonexistent.txt exists: false

=== Test 6: File info ===
Is directory: false
Size > 0: true

=== Test 7: Path manipulation ===
join_path: files_test_data/subdir/file.txt
dir_name: files_test_data
base_name: test1.txt
file_ext: .txt

=== Test 8: Auto-close on undefined ===
File opened
File set to undefined (auto-closed)

=== Test 9: Write vs echo (newline handling) ===
Content:
Line with newline
No newline after this
(end)

=== Test 10: Append mode ===
After append:
Original
Appended


=== Test 11: Directory operations ===
Directory created: true
After rmdir: false

=== Test 12: List directory ===
Directory has entries: true

=== Test 13: File truncate (at position) ===
Truncated at position 10: 1234567890

=== Test 14: Cleanup test files ===
Test files removed

=== All file tests completed ===
